// Jest Snapshot v1, https://goo.gl/fbAQLP

exports[`ColorDisplay should match the snapshot 1`] = `
<div
  className="ColorDisplay"
>
  <div
    className="modal"
  >
    <Modal
      ariaHideApp={true}
      bodyOpenClassName="ReactModal__Body--open"
      className="ReactModal"
      closeTimeoutMS={0}
      isOpen={false}
      parentSelector={[Function]}
      portalClassName="ReactModalPortal"
      role="dialog"
      shouldCloseOnEsc={true}
      shouldCloseOnOverlayClick={true}
      shouldFocusAfterRender={true}
      shouldReturnFocusAfterClose={true}
    >
      <SavePaletteForm
        folders={Array []}
        hideModal={[Function]}
        palette={
          Object {
            "colors": Array [
              "blue",
              "green",
              "pink",
              "purple",
              "black",
            ],
            "folder_id": 1,
            "id": 22,
            "name": "Winter Wonders",
          }
        }
        savePalette={[Function]}
      />
    </Modal>
  </div>
  <div
    className="buttons"
  >
    <button
      className="random-button"
      onClick={[Function]}
    >
      <FaRandom
        size={25}
      />
      Random
    </button>
    <button
      className="save-button"
      onClick={[Function]}
    >
      <FaSave
        size={25}
      />
      Save
    </button>
  </div>
  <div
    className="colors"
  >
    <div
      className="colorBlock"
      key="0"
    >
      <div
        className="color"
        style={
          Object {
            "backgroundColor": undefined,
          }
        }
      >
        <p
          className="hexCode"
        />
        <div
          className="lock"
          onClick={[Function]}
        >
          <MdLockOpen
            color="white"
            size={62}
          />
        </div>
      </div>
    </div>
    <div
      className="colorBlock"
      key="1"
    >
      <div
        className="color"
        style={
          Object {
            "backgroundColor": undefined,
          }
        }
      >
        <p
          className="hexCode"
        />
        <div
          className="lock"
          onClick={[Function]}
        >
          <MdLockOpen
            color="white"
            size={62}
          />
        </div>
      </div>
    </div>
    <div
      className="colorBlock"
      key="2"
    >
      <div
        className="color"
        style={
          Object {
            "backgroundColor": undefined,
          }
        }
      >
        <p
          className="hexCode"
        />
        <div
          className="lock"
          onClick={[Function]}
        >
          <MdLockOpen
            color="white"
            size={62}
          />
        </div>
      </div>
    </div>
    <div
      className="colorBlock"
      key="3"
    >
      <div
        className="color"
        style={
          Object {
            "backgroundColor": undefined,
          }
        }
      >
        <p
          className="hexCode"
        />
        <div
          className="lock"
          onClick={[Function]}
        >
          <MdLockOpen
            color="white"
            size={62}
          />
        </div>
      </div>
    </div>
    <div
      className="colorBlock"
      key="4"
    >
      <div
        className="color"
        style={
          Object {
            "backgroundColor": undefined,
          }
        }
      >
        <p
          className="hexCode"
        />
        <div
          className="lock"
          onClick={[Function]}
        >
          <MdLockOpen
            color="white"
            size={62}
          />
        </div>
      </div>
    </div>
  </div>
</div>
`;
