// Jest Snapshot v1, https://goo.gl/fbAQLP

exports[`Palettes should match the snapshot 1`] = `ShallowWrapper {}`;
